npm notice run salesflow-dashboard@1.0.0 build
npm notice run next build
  ▲ Next.js 14.2.15

   Creating an optimized production build ...
 ✓ Compiled successfully
   Linting and checking validity of types ...
   Collecting page data ...
   Generating static pages (0/4) ...
   Generating static pages (1/4) 
   Generating static pages (2/4) 
   Generating static pages (3/4) 
 ✓ Generating static pages (4/4)
   Finalizing page optimization ...
   Collecting build traces ...

Route (app)                              Size     First Load JS
┌ ○ /                                    182 kB          276 kB
└ ○ /_not-found                          876 B          88.3 kB
+ First Load JS shared by all            87.4 kB
  ├ chunks/117-c9a95803f1d794ae.js       31.8 kB
  ├ chunks/fd9d1056-fe992f465c928a17.js  53.6 kB
  └ other shared chunks (total)          2.01 kB


○  (Static)  prerendered as static content

